
> frontend@0.0.0 build
> tsc -b && vite build

[36mvite v8.0.7 [32mbuilding client environment for production...[36m[39m
[2Ktransforming...✓ 2169 modules transformed.
[31m✗[39m Build failed in 355ms
[31merror during build:
[31mBuild failed with 1 error:

[plugin vite:css] D:/WORKSPACE/ImageToText/frontend/src/index.css:undefined:NaN
Error: [postcss] It looks like you're trying to use `tailwindcss` directly as a PostCSS plugin. The PostCSS plugin has moved to a separate package, so to continue using Tailwind CSS with PostCSS you'll need to install `@tailwindcss/postcss` and update your PostCSS configuration.
    at at (D:\WORKSPACE\ImageToText\frontend\node_modules\tailwindcss\dist\lib.js:38:1643)
    at LazyResult.runOnRoot (D:\WORKSPACE\ImageToText\frontend\node_modules\postcss\lib\lazy-result.js:361:16)
    at LazyResult.runAsync (D:\WORKSPACE\ImageToText\frontend\node_modules\postcss\lib\lazy-result.js:290:26)
    at LazyResult.async (D:\WORKSPACE\ImageToText\frontend\node_modules\postcss\lib\lazy-result.js:192:30)
    at LazyResult.then (D:\WORKSPACE\ImageToText\frontend\node_modules\postcss\lib\lazy-result.js:436:17)[31m
    at aggregateBindingErrorsIntoJsError (file:///D:/WORKSPACE/ImageToText/frontend/node_modules/rolldown/dist/shared/error-DBGOT6sf.mjs:48:18)
    at unwrapBindingResult (file:///D:/WORKSPACE/ImageToText/frontend/node_modules/rolldown/dist/shared/error-DBGOT6sf.mjs:18:128)
    at #build (file:///D:/WORKSPACE/ImageToText/frontend/node_modules/rolldown/dist/shared/rolldown-build-hRnqgxyz.mjs:3313:34)
    at async buildEnvironment (file:///D:/WORKSPACE/ImageToText/frontend/node_modules/vite/dist/node/chunks/node.js:32954:64)
    at async Object.build (file:///D:/WORKSPACE/ImageToText/frontend/node_modules/vite/dist/node/chunks/node.js:33376:19)
    at async Object.buildApp (file:///D:/WORKSPACE/ImageToText/frontend/node_modules/vite/dist/node/chunks/node.js:33373:153)
    at async CAC.<anonymous> (file:///D:/WORKSPACE/ImageToText/frontend/node_modules/vite/dist/node/cli.js:778:3) {
  errors: [Getter/Setter]
}[39m
